3.0
0.10
###############################
#              #             ##
#              #             ##
#              #             ##
#              #             ##
#              #             ##
################             ##
#                            ##
#               G            ##
#                            ##
#                 #############
#                 #           #
#                 #           #
#                 #           #
#                 #           #
#                 #           #
#                 #           #
#                 #           #
#                 #           #
#                 #           #
#                 #           #
#                 #           #
#                 #           #
#   R             #           #
#                 #           #
###################           #
#                 #           #
#                 #           #
#                 #           #
#                 #           #
###############################
